<html>
<body>
<pre>
<h1>µVision Build Log</h1>
<h2>Tool Versions:</h2>
IDE-Version: ¦ÌVision V5.25.3.0
Copyright (C) 2018 ARM Ltd and ARM Germany GmbH. All rights reserved.
License Information: Ziqi Yang, XJTLU, LIC=14HWF-663ME-56GQ2-9Z5KC-3GT9Q-AB70I
 
Tool Versions:
Toolchain:       MDK-ARM Plus  Version: 5.25.2.0
Toolchain Path:  C:\Keil_v5\ARM\ARMCC\Bin
C Compiler:      Armcc.exe V5.06 update 6 (build 750)
Assembler:       Armasm.exe V5.06 update 6 (build 750)
Linker/Locator:  ArmLink.exe V5.06 update 6 (build 750)
Library Manager: ArmAr.exe V5.06 update 6 (build 750)
Hex Converter:   FromElf.exe V5.06 update 6 (build 750)
CPU DLL:         SARMCM3.DLL V5.25.2.0
Dialog DLL:      DCM.DLL V1.17.1.0
Target DLL:      STLink\ST-LINKIII-KEIL_SWO.dll V3.0.1.0
Dialog DLL:      TCM.DLL V1.35.1.0
 
<h2>Project:</h2>
E:\Robotics\STM32\RoboMaster\RM2019\RM Standard Robot Open Source Code\standard\Project\standard.uvprojx
Project File Date:  03/09/2019

<h2>Output:</h2>
*** Using Compiler 'V5.06 update 6 (build 750)', folder: 'C:\Keil_v5\ARM\ARMCC\Bin'
Build target 'standard'
compiling arm_task.c...
compiling start_task.c...
..\user\APP\start_task\start_task.c(35): warning:  #177-D: variable "INSTask_Handler"  was declared but never referenced
  static TaskHandle_t INSTask_Handler;
..\user\APP\start_task\start_task.c(47): warning:  #177-D: variable "UserTask_Handler"  was declared but never referenced
  static TaskHandle_t UserTask_Handler;
..\user\APP\start_task\start_task.c(55): warning:  #177-D: variable "CalibrateTask_Handler"  was declared but never referenced
  static TaskHandle_t CalibrateTask_Handler;
..\user\APP\start_task\start_task.c(59): warning:  #177-D: variable "DetectTask_Handler"  was declared but never referenced
  static TaskHandle_t DetectTask_Handler;
..\user\APP\start_task\start_task.c(63): warning:  #177-D: variable "AirTask_Handler"  was declared but never referenced
  static TaskHandle_t AirTask_Handler;
..\user\APP\start_task\start_task.c: 5 warnings, 0 errors
linking...
Program Size: Code=23248 RO-data=484 RW-data=428 ZI-data=134876  
FromELF: creating hex file...
".\Objects\infantry.axf" - 0 Error(s), 5 Warning(s).

<h2>Software Packages used:</h2>

Package Vendor: Keil
                http://www.keil.com/pack/Keil.STM32F4xx_DFP.2.5.0.pack
                Keil.STM32F4xx_DFP.2.5.0
                STMicroelectronics STM32F4 Series Device Support, Drivers and Examples

<h2>Collection of Component include folders:</h2>
  .\RTE\_standard
  C:\Keil_v5\ARM\PACK\Keil\STM32F4xx_DFP\2.5.0\Drivers\CMSIS\Device\ST\STM32F4xx\Include

<h2>Collection of Component Files used:</h2>
Build Time Elapsed:  00:00:05
</pre>
</body>
</html>
