<html>
<body>
<pre>
<h1>礦ision Build Log</h1>
<h2>Tool Versions:</h2>
IDE-Version: μVision V5.25.2.0
Copyright (C) 2018 ARM Ltd and ARM Germany GmbH. All rights reserved.
License Information: SJ Z, XJTLU, LIC=YA3VE-5FDFH-2L6CT-RW5TM-RG79Q-UN70C
 
Tool Versions:
Toolchain:       MDK-ARM Plus  Version: 5.25.2.0
Toolchain Path:  E:\Application\Keil_uvision5\ARM\ARMCC\Bin
C Compiler:      Armcc.exe V5.06 update 6 (build 750)
Assembler:       Armasm.exe V5.06 update 6 (build 750)
Linker/Locator:  ArmLink.exe V5.06 update 6 (build 750)
Library Manager: ArmAr.exe V5.06 update 6 (build 750)
Hex Converter:   FromElf.exe V5.06 update 6 (build 750)
CPU DLL:         SARMCM3.DLL V5.25.2.0
Dialog DLL:      DCM.DLL V1.17.1.0
Target DLL:      Segger\JL2CM3.dll V2.99.20.0
Dialog DLL:      TCM.DLL V1.35.1.0
 
<h2>Project:</h2>
D:\Academic\G-master\! 19_20赛季\18_19赛季比赛代码\XJTLU_Standard_Infantry\standard_Infantry_old\Project\standard.uvprojx
Project File Date:  11/27/2019

<h2>Output:</h2>
*** Using Compiler 'V5.06 update 6 (build 750)', folder: 'E:\Application\Keil_uvision5\ARM\ARMCC\Bin'
Build target 'standard'
compiling calibrate_task.c...
compiling chassis_task.c...
compiling chassis_behaviour.c...
compiling gimbal_behaviour.c...
compiling gimbal_task.c...
..\user\APP\gimbal_task\gimbal_task.c(245): warning:  #177-D: variable "temp_max_ecd"  was declared but never referenced
      int16_t temp_max_ecd = 0, temp_min_ecd = 0, temp_ecd = 0;
..\user\APP\gimbal_task\gimbal_task.c(245): warning:  #177-D: variable "temp_min_ecd"  was declared but never referenced
      int16_t temp_max_ecd = 0, temp_min_ecd = 0, temp_ecd = 0;
..\user\APP\gimbal_task\gimbal_task.c(510): warning:  #177-D: variable "bias_angle"  was declared but never referenced
      static fp32 bias_angle;
..\user\APP\gimbal_task\gimbal_task.c: 3 warnings, 0 errors
compiling start_task.c...
..\user\APP\start_task\start_task.c(61): warning:  #177-D: variable "DetectTask_Handler"  was declared but never referenced
  static TaskHandle_t DetectTask_Handler;
..\user\APP\start_task\start_task.c: 1 warning, 0 errors
compiling shoot.c...
linking...
Program Size: Code=47064 RO-data=2724 RW-data=564 ZI-data=135252  
FromELF: creating hex file...
".\Objects\infantry.axf" - 0 Error(s), 4 Warning(s).

<h2>Software Packages used:</h2>

Package Vendor: Keil
                http://www.keil.com/pack/Keil.STM32F4xx_DFP.2.5.0.pack
                Keil.STM32F4xx_DFP.2.5.0
                STMicroelectronics STM32F4 Series Device Support, Drivers and Examples

<h2>Collection of Component include folders:</h2>
  .\RTE\_standard
  E:\Application\Keil_uvision5\ARM\PACK\Keil\STM32F4xx_DFP\2.5.0\Drivers\CMSIS\Device\ST\STM32F4xx\Include

<h2>Collection of Component Files used:</h2>
Build Time Elapsed:  00:00:03
</pre>
</body>
</html>
